# Generated by Mochi Python compiler

def main():
	print(len([1, 2, 3]))

if __name__ == "__main__":
	main()
