# Generated by Mochi Python compiler

def main():
	xs = [10, 20, 30]
	print(_index(xs, 1))

def _index(v, k):
    if isinstance(v, (list, str)):
        l = len(v)
        if isinstance(k, int) and k < 0:
            k += l
    return v[k]
if __name__ == "__main__":
	main()

