{"type":"json_object","schema":{"type":"object"}}
