# Generated by Mochi Python compiler

def sum(n):
	return ((n * ((n + 1))) / 2)

def main():
	n = 10
	print(sum(n))
	print(n)

if __name__ == "__main__":
	main()
