// Generated by Mochi TypeScript compiler

function sum(n) {
	return ((n * ((n + 1))) / 2)
}

function main(): void {
	let n = 10
	console.log(sum(n))
	console.log(n)
}
main()


