// Generated by Mochi TypeScript compiler

function main(): void {
	for (const n of _iter([1, 2, 3])) {
		console.log(n)
	}
}
function _iter(v: any): any {
  if (v && typeof v === 'object' && !Array.isArray(v) && !(Symbol.iterator in v)) {
    return Object.keys(v);
  }
  return v;
}

main()
