# Generated by Mochi Python compiler

async def main():
	for ch in _iter("hi"):
		print(ch)

def _iter(v):
    if isinstance(v, dict):
        return list(v.keys())
    return v
import asyncio
_pending = []
async def _wait_all():
    await asyncio.gather(*_pending)
async def _run():
	await main()
	await _wait_all()

if __name__ == "__main__":
	import asyncio
	asyncio.run(_run())
