# Generated by Mochi Python compiler

def main():
	for i in range(1, 4):
		print(i)

if __name__ == "__main__":
	main()