// Generated by Mochi TypeScript compiler

function add(a, b) {
	return (a + b)
}

async function main(): Promise<void> {
	console.log(add(2, 3))
}
await main()
await _waitAll()

const _pending: Promise<any>[] = [];
async function _waitAll(): Promise<void> {
  await Promise.all(_pending);
}
