// Generated by Mochi TypeScript compiler

function main(): void {
	let square = function(x) {
		return (x * x)
}
	console.log(square(6))
}
main()
