# Generated by Mochi Python compiler

def add(a, b):
	return (a + b)

async def main():
	print(add(2, 3))

import asyncio
_pending = []
async def _wait_all():
    await asyncio.gather(*_pending)
async def _run():
	await main()
	await _wait_all()

if __name__ == "__main__":
	import asyncio
	asyncio.run(_run())
