# Generated by Mochi Python compiler

def main():
	poem = _gen_text("echo $word", {"word": "hello"})
	print(poem)

def _gen_text(prompt, args):
    for k, v in args.items():
        placeholder = '$' + k
        prompt = prompt.replace(placeholder, str(v))
    return prompt
if __name__ == "__main__":
	main()
