# Generated by Mochi Python compiler

async def main():
	vec = _gen_embed("hi")
	print(len(vec))

def _gen_embed(text):
    # TODO: send text to your embedding model of choice
    return [float(ord(c)) for c in text]
import asyncio
_pending = []
async def _wait_all():
    await asyncio.gather(*_pending)
async def _run():
	await main()
	await _wait_all()

if __name__ == "__main__":
	import asyncio
	asyncio.run(_run())
