# Generated by Mochi Python compiler

def main():
	value = (((1 + 2)) * 3)
	print(value)

if __name__ == "__main__":
	main()