// Generated by Mochi TypeScript compiler

async function main(): Promise<void> {
	let value = (((1 + 2)) * 3)
	console.log(value)
}
await main()
await _waitAll()

const _pending: Promise<any>[] = [];
async function _waitAll(): Promise<void> {
  await Promise.all(_pending);
}
