// Generated by Mochi TypeScript compiler

async function main(): Promise<void> {
	let x = 5
	if ((x > 3)) {
		console.log("big")
	} else {
		console.log("small")
	}
}
await main()
await _waitAll()

const _pending: Promise<any>[] = [];
async function _waitAll(): Promise<void> {
  await Promise.all(_pending);
}
