// Generated by Mochi TypeScript compiler

async function main(): Promise<void> {
	console.log(_len([1, 2, 3]))
}
await main()
await _waitAll()

function _len(v: any): number {
  if (Array.isArray(v) || typeof v === "string") return (v as any).length;
  if (v && typeof v === "object") return Object.keys(v).length;
  return 0;
}

const _pending: Promise<any>[] = [];
async function _waitAll(): Promise<void> {
  await Promise.all(_pending);
}