// Generated by Mochi TypeScript compiler

async function main(): Promise<void> {
	let a = 10
	let b = 20
	console.log((a + b))
}
await main()
await _waitAll()

const _pending: Promise<any>[] = [];
async function _waitAll(): Promise<void> {
  await Promise.all(_pending);
}
