// Generated by Mochi TypeScript compiler

function main(): void {
	let xs = [10, 20, 30]
	console.log(xs[1])
}
main()

