// Generated by Mochi TypeScript compiler

async function main(): Promise<void> {
	let scores = {["Alice"]: 10, ["Bob"]: 15}
	console.log(_index(scores, "Bob"))
}
await main()
await _waitAll()

function _index(v: any, k: any): any {
  if (Array.isArray(v) || typeof v === "string") {
    const l = (v as any).length;
    if (typeof k === "number" && k < 0) k = l + k;
  }
  return (v as any)[k];
}

const _pending: Promise<any>[] = [];
async function _waitAll(): Promise<void> {
  await Promise.all(_pending);
}
