// Generated by Mochi TypeScript compiler

function main(): void {
	let x = 2
	let label = (() => {
	const _t = x;
	switch (_t) {
	case 1:
		return "one";
	case 2:
		return "two";
	case 3:
		return "three";
	default:
		return "unknown";
	}
	return undefined;
})()
	console.log(label)
}
main()

