# Generated by Mochi Python compiler

def main():
	print("hello")

if __name__ == "__main__":
	main()