// Generated by Mochi TypeScript compiler

async function main(): Promise<void> {
	console.log("hello")
}
await main()
await _waitAll()

const _pending: Promise<any>[] = [];
async function _waitAll(): Promise<void> {
  await Promise.all(_pending);
}
