// Generated by Mochi TypeScript compiler

function main(): void {
	console.log("ok")
}
main()
