# Generated by Mochi Python compiler

def twoSum(nums, target):
	n = len(nums)
	for i in range(0, n):
		for j in range((i + 1), n):
			if ((_index(nums, i) + _index(nums, j)) == target):
				return [i, j]
	return [(-1), (-1)]

async def main():
	result = twoSum([2, 7, 11, 15], 9)
	print(_index(result, 0))
	print(_index(result, 1))

def _index(v, k):
    if isinstance(v, (list, str)):
        l = len(v)
        if isinstance(k, int) and k < 0:
            k += l
    return v[k]
import asyncio
_pending = []
async def _wait_all():
    await asyncio.gather(*_pending)
async def _run():
	await main()
	await _wait_all()

if __name__ == "__main__":
	import asyncio
	asyncio.run(_run())
