# Generated by Mochi Python compiler

def main():
	x = 1
	x = 2
	print(x)

if __name__ == "__main__":
	main()
