// Generated by Mochi TypeScript compiler

async function main(): Promise<void> {
	let x = 1
	x = 2
	console.log(x)
}
await main()
await _waitAll()

const _pending: Promise<any>[] = [];
async function _waitAll(): Promise<void> {
  await Promise.all(_pending);
}
