# Generated by Mochi Python compiler

def main():
	i = 0
	while (i < 3):
		print(i)
		i = (i + 1)

if __name__ == "__main__":
	main()
