(program
  (let x (int 2))
  (expect
    (binary > (selector x) (int 1))
  )
)
