(program
  (for i
    (range (int 0) (int 3))
    (block
      (exprstmt
        (call print (selector i))
      )
    )
  )
)