(program
  (let nums
    (type list (type int))
    (list (int 1) (int 2))
  )
)
