(program
  (let x
    (binary in (string w) (string hello))
  )
)
