(program
  (on Message
    (call print
      (selector text (selector m))
    )
  )
)
