handler 1
handler 2
Seen 2 readings, last = 35.5
Last recorded temperature is 35.5 Â°C
